<html>
<body>
<pre>
<h1>礦ision Build Log</h1>
<h2>Tool Versions:</h2>
IDE-Version: μVision V5.14.0.0
Copyright (C) 2015 ARM Ltd and ARM Germany GmbH. All rights reserved.
License Information: hzh zhz, hzh, LIC=4ZLZ9-4YSQF-NT33G-VV0XB-BMK3G-S597E
 
Tool Versions:
Toolchain:       MDK-ARM Professional  Version: 5.14.0.0
Toolchain Path:  C:\Keil_v5\ARM\ARMCC\Bin
C Compiler:      Armcc.exe V5.05 update 1 (build 106)
Assembler:       Armasm.exe V5.05 update 1 (build 106)
Linker/Locator:  ArmLink.exe V5.05 update 1 (build 106)
Library Manager: ArmAr.exe V5.05 update 1 (build 106)
Hex Converter:   FromElf.exe V5.05 update 1 (build 106)
CPU DLL:         SARMCM3.DLL V5.14.0.0
Dialog DLL:      DCM.DLL V1.13.1.0
Target DLL:      Segger\JL2CM3.dll V2.99.13.0
Dialog DLL:      TCM.DLL V1.14.4.0
 
<h2>Project:</h2>
D:\Downloads\资源\F4\探索者F4 资料盘(A盘)\4，程序源码\移植中\实验45 视频播放器实验\USER\VIDEOPLAYER.uvprojx
Project File Date:  09/05/2018

<h2>Output:</h2>
Build target 'VIDEOPLAYER'
compiling main.c...
linking...
Program Size: Code=143786 RO-data=18986 RW-data=764 ZI-data=1225980  
FromELF: creating hex file...
"..\OBJ\VIDEOPLAYER.axf" - 0 Error(s), 0 Warning(s).

<h2>Collection of Component include folders:</h2>
  D:\Downloads\资源\F4\探索者F4 资料盘(A盘)\4，程序源码\移植中\实验45 视频播放器实验\USER\RTE
  C:\Keil_v5\ARM\PACK\Keil\STM32F4xx_DFP\2.13.0

<h2>Collection of Component Files used:</h2>
</pre>
</body>
</html>
