Component: ARM Compiler 5.05 update 1 (build 106) Tool: armlink [4d0efa]

==============================================================================

Section Cross References

    main.o(.text) refers to malloc.o(.text) for my_mem_init
    main.o(.text) refers to exfuns.o(.text) for exfuns_init
    main.o(.text) refers to ff.o(.text) for f_mount
    main.o(.text) refers to misc.o(.text) for NVIC_PriorityGroupConfig
    main.o(.text) refers to delay.o(.text) for delay_init
    main.o(.text) refers to usart.o(.text) for uart_init
    main.o(.text) refers to led.o(.text) for LED_Init
    main.o(.text) refers to lcd.o(.text) for LCD_Init
    main.o(.text) refers to key.o(.text) for KEY_Init
    main.o(.text) refers to w25qxx.o(.text) for W25QXX_Init
    main.o(.text) refers to wm8978.o(.text) for WM8978_Init
    main.o(.text) refers to timer.o(.text) for TIM3_Int_Init
    main.o(.text) refers to fontupd.o(.text) for font_init
    main.o(.text) refers to text.o(.text) for Show_Str
    main.o(.text) refers to touch.o(.text) for TP_Scan
    main.o(.text) refers to videoplayer.o(.text) for video_play
    main.o(.text) refers to fattester.o(.text) for file_manage
    main.o(.text) refers to usmart_config.o(.data) for usmart_dev
    main.o(.text) refers to exfuns.o(.bss) for fs
    main.o(.text) refers to lcd.o(.data) for POINT_COLOR
    main.o(.text) refers to touch.o(.data) for tp_dev
    system_stm32f4xx.o(.text) refers to system_stm32f4xx.o(.data) for .data
    led.o(.text) refers to stm32f4xx_rcc.o(.text) for RCC_AHB1PeriphClockCmd
    led.o(.text) refers to stm32f4xx_gpio.o(.text) for GPIO_Init
    lcd.o(.text) refers to _printf_percent.o(.ARM.Collect$$_printf_percent$$00000000) for _printf_percent
    lcd.o(.text) refers to _printf_x.o(.ARM.Collect$$_printf_percent$$0000000C) for _printf_x
    lcd.o(.text) refers to _printf_hex_int_ptr.o(.text) for _printf_longlong_hex
    lcd.o(.text) refers to malloc.o(.text) for mymalloc
    lcd.o(.text) refers to ff.o(.text) for f_opendir
    lcd.o(.text) refers to text.o(.text) for Show_Str
    lcd.o(.text) refers to delay.o(.text) for delay_ms
    lcd.o(.text) refers to exfuns.o(.text) for f_typetell
    lcd.o(.text) refers to piclib.o(.text) for piclib_init
    lcd.o(.text) refers to strcpy.o(.text) for strcpy
    lcd.o(.text) refers to strcat.o(.text) for strcat
    lcd.o(.text) refers to lcd.o(.bss) for .bss
    lcd.o(.text) refers to dflt_clz.o(x$fpl$dfltu) for __aeabi_ui2d
    lcd.o(.text) refers to dmul.o(x$fpl$dmul) for __aeabi_dmul
    lcd.o(.text) refers to dfixu.o(x$fpl$dfixu) for __aeabi_d2uiz
    lcd.o(.text) refers to lcd.o(.data) for .data
    lcd.o(.text) refers to stm32f4xx_rcc.o(.text) for RCC_AHB1PeriphClockCmd
    lcd.o(.text) refers to stm32f4xx_gpio.o(.text) for GPIO_Init
    lcd.o(.text) refers to stm32f4xx_fsmc.o(.text) for FSMC_NORSRAMInit
    lcd.o(.text) refers to noretval__2printf.o(.text) for __2printf
    lcd.o(.text) refers to lcd.o(.constdata) for .constdata
    key.o(.text) refers to stm32f4xx_rcc.o(.text) for RCC_AHB1PeriphClockCmd
    key.o(.text) refers to stm32f4xx_gpio.o(.text) for GPIO_Init
    key.o(.text) refers to delay.o(.text) for delay_ms
    key.o(.text) refers to key.o(.data) for .data
    spi.o(.text) refers to stm32f4xx_spi.o(.text) for SPI_I2S_GetFlagStatus
    spi.o(.text) refers to stm32f4xx_rcc.o(.text) for RCC_AHB1PeriphClockCmd
    spi.o(.text) refers to stm32f4xx_gpio.o(.text) for GPIO_Init
    w25qxx.o(.text) refers to _printf_percent.o(.ARM.Collect$$_printf_percent$$00000000) for _printf_percent
    w25qxx.o(.text) refers to _printf_x.o(.ARM.Collect$$_printf_percent$$0000000C) for _printf_x
    w25qxx.o(.text) refers to _printf_hex_int_ptr.o(.text) for _printf_longlong_hex
    w25qxx.o(.text) refers to spi.o(.text) for SPI1_ReadWriteByte
    w25qxx.o(.text) refers to stm32f4xx_rcc.o(.text) for RCC_AHB1PeriphClockCmd
    w25qxx.o(.text) refers to stm32f4xx_gpio.o(.text) for GPIO_Init
    w25qxx.o(.text) refers to noretval__2printf.o(.text) for __2printf
    w25qxx.o(.text) refers to delay.o(.text) for delay_us
    w25qxx.o(.text) refers to w25qxx.o(.data) for .data
    w25qxx.o(.text) refers to w25qxx.o(.bss) for .bss
    sdio_sdcard.o(.text) refers to stm32f4xx_sdio.o(.text) for SDIO_GetFlagStatus
    sdio_sdcard.o(.text) refers to sdio_sdcard.o(.data) for .data
    sdio_sdcard.o(.text) refers to sdio_sdcard.o(.bss) for .bss
    sdio_sdcard.o(.text) refers to stm32f4xx_rcc.o(.text) for RCC_AHB1PeriphClockCmd
    sdio_sdcard.o(.text) refers to stm32f4xx_gpio.o(.text) for GPIO_Init
    sdio_sdcard.o(.text) refers to misc.o(.text) for NVIC_Init
    sdio_sdcard.o(.text) refers to stm32f4xx_dma.o(.text) for DMA_GetCmdStatus
    sdio_sdcard.o(.text) refers to sys.o(.emb_text) for INTX_DISABLE
    sdio_sdcard.o(.text) refers to rt_memcpy_v6.o(.text) for __aeabi_memcpy
    myiic.o(.text) refers to stm32f4xx_rcc.o(.text) for RCC_AHB1PeriphClockCmd
    myiic.o(.text) refers to stm32f4xx_gpio.o(.text) for GPIO_Init
[...]
    SPI_GetCRCPolynomial                     0x0800ad03   Thumb Code     4  stm32f4xx_spi.o(.text)
    SPI_I2S_DMACmd                           0x0800ad07   Thumb Code    16  stm32f4xx_spi.o(.text)
    SPI_I2S_ITConfig                         0x0800ad17   Thumb Code    24  stm32f4xx_spi.o(.text)
    SPI_I2S_GetFlagStatus                    0x0800ad2f   Thumb Code    14  stm32f4xx_spi.o(.text)
    SPI_I2S_ClearFlag                        0x0800ad3d   Thumb Code     6  stm32f4xx_spi.o(.text)
    SPI_I2S_GetITStatus                      0x0800ad43   Thumb Code    44  stm32f4xx_spi.o(.text)
    SPI_I2S_ClearITPendingBit                0x0800ad6f   Thumb Code    14  stm32f4xx_spi.o(.text)
    SDIO_DeInit                              0x0800ada1   Thumb Code    24  stm32f4xx_sdio.o(.text)
    SDIO_Init                                0x0800adb9   Thumb Code    40  stm32f4xx_sdio.o(.text)
    SDIO_StructInit                          0x0800ade1   Thumb Code    16  stm32f4xx_sdio.o(.text)
    SDIO_ClockCmd                            0x0800adf1   Thumb Code     8  stm32f4xx_sdio.o(.text)
    SDIO_SetPowerState                       0x0800adf9   Thumb Code     8  stm32f4xx_sdio.o(.text)
    SDIO_GetPowerState                       0x0800ae01   Thumb Code    12  stm32f4xx_sdio.o(.text)
    SDIO_SendCommand                         0x0800ae0d   Thumb Code    38  stm32f4xx_sdio.o(.text)
    SDIO_CmdStructInit                       0x0800ae33   Thumb Code    14  stm32f4xx_sdio.o(.text)
    SDIO_GetCommandResponse                  0x0800ae41   Thumb Code    10  stm32f4xx_sdio.o(.text)
    SDIO_GetResponse                         0x0800ae4b   Thumb Code    14  stm32f4xx_sdio.o(.text)
    SDIO_DataConfig                          0x0800ae59   Thumb Code    44  stm32f4xx_sdio.o(.text)
    SDIO_DataStructInit                      0x0800ae85   Thumb Code    20  stm32f4xx_sdio.o(.text)
    SDIO_GetDataCounter                      0x0800ae99   Thumb Code     8  stm32f4xx_sdio.o(.text)
    SDIO_ReadData                            0x0800aea1   Thumb Code     8  stm32f4xx_sdio.o(.text)
    SDIO_WriteData                           0x0800aea9   Thumb Code     8  stm32f4xx_sdio.o(.text)
    SDIO_GetFIFOCount                        0x0800aeb1   Thumb Code     8  stm32f4xx_sdio.o(.text)
    SDIO_StartSDIOReadWait                   0x0800aeb9   Thumb Code     6  stm32f4xx_sdio.o(.text)
    SDIO_StopSDIOReadWait                    0x0800aebf   Thumb Code     8  stm32f4xx_sdio.o(.text)
    SDIO_SetSDIOReadWaitMode                 0x0800aec7   Thumb Code     8  stm32f4xx_sdio.o(.text)
    SDIO_SetSDIOOperation                    0x0800aecf   Thumb Code     8  stm32f4xx_sdio.o(.text)
    SDIO_SendSDIOSuspendCmd                  0x0800aed7   Thumb Code     8  stm32f4xx_sdio.o(.text)
    SDIO_CommandCompletionCmd                0x0800aedf   Thumb Code     8  stm32f4xx_sdio.o(.text)
    SDIO_CEATAITCmd                          0x0800aee7   Thumb Code    12  stm32f4xx_sdio.o(.text)
    SDIO_SendCEATACmd                        0x0800aef3   Thumb Code     8  stm32f4xx_sdio.o(.text)
    SDIO_DMACmd                              0x0800aefb   Thumb Code     8  stm32f4xx_sdio.o(.text)
    SDIO_ITConfig                            0x0800af03   Thumb Code    20  stm32f4xx_sdio.o(.text)
    SDIO_GetFlagStatus                       0x0800af17   Thumb Code    18  stm32f4xx_sdio.o(.text)
    SDIO_ClearFlag                           0x0800af29   Thumb Code     8  stm32f4xx_sdio.o(.text)
    SDIO_GetITStatus                         0x0800af31   Thumb Code    18  stm32f4xx_sdio.o(.text)
    SDIO_ClearITPendingBit                   0x0800af43   Thumb Code     8  stm32f4xx_sdio.o(.text)
    DMA_DeInit                               0x0800af59   Thumb Code   272  stm32f4xx_dma.o(.text)
    DMA_Init                                 0x0800b069   Thumb Code    80  stm32f4xx_dma.o(.text)
    DMA_StructInit                           0x0800b0b9   Thumb Code    34  stm32f4xx_dma.o(.text)
    DMA_Cmd                                  0x0800b0db   Thumb Code    20  stm32f4xx_dma.o(.text)
    DMA_PeriphIncOffsetSizeConfig            0x0800b0ef   Thumb Code    20  stm32f4xx_dma.o(.text)
    DMA_FlowControllerConfig                 0x0800b103   Thumb Code    20  stm32f4xx_dma.o(.text)
    DMA_SetCurrDataCounter                   0x0800b117   Thumb Code     4  stm32f4xx_dma.o(.text)
    DMA_GetCurrDataCounter                   0x0800b11b   Thumb Code     6  stm32f4xx_dma.o(.text)
    DMA_DoubleBufferModeConfig               0x0800b121   Thumb Code    22  stm32f4xx_dma.o(.text)
    DMA_DoubleBufferModeCmd                  0x0800b137   Thumb Code    20  stm32f4xx_dma.o(.text)
    DMA_MemoryTargetConfig                   0x0800b14b   Thumb Code    10  stm32f4xx_dma.o(.text)
    DMA_GetCurrentMemoryTarget               0x0800b155   Thumb Code    14  stm32f4xx_dma.o(.text)
    DMA_GetCmdStatus                         0x0800b163   Thumb Code    14  stm32f4xx_dma.o(.text)
    DMA_GetFIFOStatus                        0x0800b171   Thumb Code     8  stm32f4xx_dma.o(.text)
    DMA_GetFlagStatus                        0x0800b179   Thumb Code    42  stm32f4xx_dma.o(.text)
    DMA_ClearFlag                            0x0800b1a3   Thumb Code    34  stm32f4xx_dma.o(.text)
    DMA_ITConfig                             0x0800b1c5   Thumb Code    44  stm32f4xx_dma.o(.text)
    DMA_GetITStatus                          0x0800b1f1   Thumb Code    70  stm32f4xx_dma.o(.text)
    DMA_ClearITPendingBit                    0x0800b237   Thumb Code    34  stm32f4xx_dma.o(.text)
    mymemcpy                                 0x0800b279   Thumb Code    16  malloc.o(.text)
    mymemset                                 0x0800b289   Thumb Code    12  malloc.o(.text)
    my_mem_init                              0x0800b295   Thumb Code    52  malloc.o(.text)
    my_mem_perused                           0x0800b2c9   Thumb Code    48  malloc.o(.text)
    my_mem_malloc                            0x0800b2f9   Thumb Code   132  malloc.o(.text)
    my_mem_free                              0x0800b37d   Thumb Code    82  malloc.o(.text)
    myfree                                   0x0800b3cf   Thumb Code    18  malloc.o(.text)
    mymalloc                                 0x0800b3e1   Thumb Code    28  malloc.o(.text)
    myrealloc                                0x0800b3fd   Thumb Code    54  malloc.o(.text)
    usmart_sys_cmd_exe                       0x0800b43d   Thumb Code  1442  usmart.o(.text)
    usmart_reset_runtime                     0x0800b9df   Thumb Code    40  usmart.o(.text)
    usmart_get_runtime                       0x0800ba07   Thumb Code    48  usmart.o(.text)
    TIM4_IRQHandler                          0x0800ba37   Thumb Code    50  usmart.o(.text)
    Timer4_Init                              0x0800ba69   Thumb Code    88  usmart.o(.text)
    usmart_init                              0x0800bac1   Thumb Code    36  usmart.o(.text)
    usmart_cmd_rec                           0x0800bae5   Thumb Code   144  usmart.o(.text)
    usmart_exe                               0x0800bb75   Thumb Code   768  usmart.o(.text)
    usmart_scan                              0x0800be75   Thumb Code    92  usmart.o(.text)
    read_addr                                0x0800bed1   Thumb Code     4  usmart.o(.text)
    write_addr                               0x0800bed5   Thumb Code     4  usmart.o(.text)
    usmart_strcmp                            0x0800bf51   Thumb Code    24  usmart_str.o(.text)
    usmart_strcopy                           0x0800bf69   Thumb Code    18  usmart_str.o(.text)
    usmart_strlen                            0x0800bf7b   Thumb Code    18  usmart_str.o(.text)
    usmart_pow                               0x0800bf8d   Thumb Code    16  usmart_str.o(.text)
    usmart_str2num                           0x0800bf9d   Thumb Code   158  usmart_str.o(.text)
    usmart_get_cmdname                       0x0800c03b   Thumb Code    46  usmart_str.o(.text)
    usmart_search_nextc                      0x0800c069   Thumb Code    16  usmart_str.o(.text)
    usmart_get_fname                         0x0800c079   Thumb Code   356  usmart_str.o(.text)
    usmart_get_aparm                         0x0800c1dd   Thumb Code   156  usmart_str.o(.text)
    usmart_get_parmpos                       0x0800c279   Thumb Code    30  usmart_str.o(.text)
    usmart_get_fparam                        0x0800c297   Thumb Code   206  usmart_str.o(.text)
    disk_initialize                          0x0800c371   Thumb Code    36  diskio.o(.text)
    disk_status                              0x0800c395   Thumb Code     4  diskio.o(.text)
    disk_read                                0x0800c399   Thumb Code    76  diskio.o(.text)
    disk_write                               0x0800c3e5   Thumb Code    74  diskio.o(.text)
    disk_ioctl                               0x0800c42f   Thumb Code   106  diskio.o(.text)
    get_fattime                              0x0800c499   Thumb Code     4  diskio.o(.text)
    ff_memalloc                              0x0800c49d   Thumb Code     8  diskio.o(.text)
    ff_memfree                               0x0800c4a5   Thumb Code     8  diskio.o(.text)
    clust2sect                               0x0800c5e3   Thumb Code    24  ff.o(.text)
    get_fat                                  0x0800c5fb   Thumb Code   180  ff.o(.text)
    put_fat                                  0x0800c6af   Thumb Code   248  ff.o(.text)
    dir_sdi                                  0x0800c8c7   Thumb Code   124  ff.o(.text)
    f_mount                                  0x0800d471   Thumb Code    72  ff.o(.text)
    f_open                                   0x0800d4b9   Thumb Code   344  ff.o(.text)
    f_read                                   0x0800d611   Thumb Code   328  ff.o(.text)
    f_write                                  0x0800d759   Thumb Code   400  ff.o(.text)
    f_sync                                   0x0800d8e9   Thumb Code   152  ff.o(.text)
    f_close                                  0x0800d981   Thumb Code    28  ff.o(.text)
    f_lseek                                  0x0800d99d   Thumb Code   510  ff.o(.text)
    f_opendir                                0x0800db9b   Thumb Code   128  ff.o(.text)
    f_closedir                               0x0800dc1b   Thumb Code    18  ff.o(.text)
    f_readdir                                0x0800dc2d   Thumb Code   116  ff.o(.text)
    f_stat                                   0x0800dca1   Thumb Code    86  ff.o(.text)
    f_getfree                                0x0800dcf7   Thumb Code   192  ff.o(.text)
    f_truncate                               0x0800ddb7   Thumb Code   176  ff.o(.text)
    f_unlink                                 0x0800de67   Thumb Code   190  ff.o(.text)
    f_mkdir                                  0x0800df25   Thumb Code   384  ff.o(.text)
    f_chmod                                  0x0800e0a5   Thumb Code   106  ff.o(.text)
    f_utime                                  0x0800e10f   Thumb Code   108  ff.o(.text)
    f_rename                                 0x0800e17b   Thumb Code   292  ff.o(.text)
    f_getlabel                               0x0800e29f   Thumb Code   142  ff.o(.text)
    f_setlabel                               0x0800e32d   Thumb Code   346  ff.o(.text)
    f_mkfs                                   0x0800e487   Thumb Code  1314  ff.o(.text)
    f_gets                                   0x0800e9a9   Thumb Code    68  ff.o(.text)
    f_putc                                   0x0800ea27   Thumb Code    60  ff.o(.text)
    f_puts                                   0x0800ea63   Thumb Code    70  ff.o(.text)
    f_printf                                 0x0800eaa9   Thumb Code   510  ff.o(.text)
    exfuns_init                              0x0800ed9d   Thumb Code    92  exfuns.o(.text)
    char_upper                               0x0800edf9   Thumb Code    14  exfuns.o(.text)
    f_typetell                               0x0800ee07   Thumb Code   130  exfuns.o(.text)
    exf_getfree                              0x0800ee89   Thumb Code    46  exfuns.o(.text)
    mf_mount                                 0x0800eec5   Thumb Code    14  fattester.o(.text)
    mf_open                                  0x0800eed3   Thumb Code    12  fattester.o(.text)
    mf_close                                 0x0800eedf   Thumb Code    14  fattester.o(.text)
    mf_read                                  0x0800eeed   Thumb Code   210  fattester.o(.text)
    mf_write                                 0x0800efbf   Thumb Code    64  fattester.o(.text)
    mf_opendir                               0x0800efff   Thumb Code     8  fattester.o(.text)
    mf_closedir                              0x0800f007   Thumb Code     6  fattester.o(.text)
    mf_readdir                               0x0800f00d   Thumb Code   170  fattester.o(.text)
    mf_scan_files                            0x0800f0b7   Thumb Code   112  fattester.o(.text)
    mf_showfree                              0x0800f127   Thumb Code    64  fattester.o(.text)
    mf_lseek                                 0x0800f167   Thumb Code    10  fattester.o(.text)
    mf_tell                                  0x0800f171   Thumb Code     8  fattester.o(.text)
    mf_size                                  0x0800f179   Thumb Code     8  fattester.o(.text)
    mf_mkdir                                 0x0800f181   Thumb Code     4  fattester.o(.text)
    mf_fmkfs                                 0x0800f185   Thumb Code     4  fattester.o(.text)
    mf_unlink                                0x0800f189   Thumb Code     4  fattester.o(.text)
    mf_rename                                0x0800f18d   Thumb Code     4  fattester.o(.text)
    mf_getlabel                              0x0800f191   Thumb Code    56  fattester.o(.text)
    mf_setlabel                              0x0800f1c9   Thumb Code    28  fattester.o(.text)
    mf_gets                                  0x0800f1e5   Thumb Code    36  fattester.o(.text)
    mf_putc                                  0x0800f209   Thumb Code    14  fattester.o(.text)
    mf_puts                                  0x0800f217   Thumb Code    14  fattester.o(.text)
    mf_scan_dir                              0x0800f225   Thumb Code  1020  fattester.o(.text)
    file_manage                              0x0800f621   Thumb Code   304  fattester.o(.text)
    ff_convert                               0x0800f771   Thumb Code   106  mycc936.o(.text)
    ff_wtoupper                              0x0800f7db   Thumb Code    28  mycc936.o(.text)
    fupd_prog                                0x0800f805   Thumb Code   120  fontupd.o(.text)
    updata_fontx                             0x0800f87d   Thumb Code   232  fontupd.o(.text)
    update_font                              0x0800f965   Thumb Code   660  fontupd.o(.text)
    font_init                                0x0800fbf9   Thumb Code   198  fontupd.o(.text)
    Get_HzMat                                0x0800fcc1   Thumb Code   136  text.o(.text)
    Show_Font                                0x0800fd49   Thumb Code   156  text.o(.text)
    Show_Str                                 0x0800fde5   Thumb Code   172  text.o(.text)
    Show_Str_Mid                             0x0800fe91   Thumb Code    82  text.o(.text)
    audio_i2s_dma_callback                   0x0800fef5   Thumb Code    48  videoplayer.o(.text)
    video_get_tnum                           0x0800ff25   Thumb Code    98  videoplayer.o(.text)
    video_time_show                          0x0800ff87   Thumb Code   226  videoplayer.o(.text)
    video_info_show                          0x08010069   Thumb Code   130  videoplayer.o(.text)
    video_bmsg_show                          0x080100eb   Thumb Code   114  videoplayer.o(.text)
    video_play_mjpeg                         0x0801015d   Thumb Code  1408  videoplayer.o(.text)
    video_play                               0x080106dd   Thumb Code   632  videoplayer.o(.text)
    video_seek                               0x08010955   Thumb Code   228  videoplayer.o(.text)
    avi_srarch_id                            0x08010a55   Thumb Code    58  avi.o(.text)
    avi_init                                 0x08010a8f   Thumb Code   548  avi.o(.text)
    avi_get_streaminfo                       0x08010cb3   Thumb Code    50  avi.o(.text)
    mjpeg_malloc                             0x08010e05   Thumb Code    32  mjpeg.o(.text)
    mjpegdec_free                            0x08010eb7   Thumb Code    32  mjpeg.o(.text)
    mjpegdec_init                            0x08010ed7   Thumb Code    70  mjpeg.o(.text)
    mjpegdec_decode                          0x08010f1d   Thumb Code   224  mjpeg.o(.text)
    jpeg_abort                               0x0801104d   Thumb Code    50  jcomapi.o(.text)
    jpeg_destroy                             0x0801107f   Thumb Code    22  jcomapi.o(.text)
    jpeg_alloc_quant_table                   0x08011095   Thumb Code    20  jcomapi.o(.text)
    jpeg_alloc_huff_table                    0x080110a9   Thumb Code    22  jcomapi.o(.text)
    jdiv_round_up                            0x080110bf   Thumb Code    10  jutils.o(.text)
    jround_up                                0x080110c9   Thumb Code    16  jutils.o(.text)
    jcopy_sample_rows                        0x080110d9   Thumb Code    38  jutils.o(.text)
    jcopy_block_row                          0x080110ff   Thumb Code    12  jutils.o(.text)
    jpeg_std_error                           0x08011201   Thumb Code    46  jerror.o(.text)
    jinit_memory_mgr                         0x08011a15   Thumb Code   196  jmemmgr.o(.text)
    jpeg_CreateDecompress                    0x08011b29   Thumb Code   160  jdapimin.o(.text)
    jpeg_destroy_decompress                  0x08011bc9   Thumb Code     4  jdapimin.o(.text)
    jpeg_abort_decompress                    0x08011bcd   Thumb Code     4  jdapimin.o(.text)
    jpeg_consume_input                       0x08011d27   Thumb Code   122  jdapimin.o(.text)
    jpeg_read_header                         0x08011da1   Thumb Code    80  jdapimin.o(.text)
    jpeg_input_complete                      0x08011df1   Thumb Code    40  jdapimin.o(.text)
    jpeg_has_multiple_scans                  0x08011e19   Thumb Code    40  jdapimin.o(.text)
    jpeg_finish_decompress                   0x08011e41   Thumb Code   126  jdapimin.o(.text)
    jpeg_start_decompress                    0x08011f57   Thumb Code   150  jdapistd.o(.text)
    jpeg_read_scanlines                      0x08011fed   Thumb Code    94  jdapistd.o(.text)
    jpeg_read_raw_data                       0x0801204b   Thumb Code   140  jdapistd.o(.text)
    jpeg_start_output                        0x080120d7   Thumb Code    68  jdapistd.o(.text)
    jpeg_finish_output                       0x0801211b   Thumb Code    98  jdapistd.o(.text)
    jinit_arith_decoder                      0x08012b3d   Thumb Code   106  jdarith.o(.text)
    jpeg_calc_output_dimensions              0x08012c5d   Thumb Code   338  jdmaster.o(.text)
    jpeg_new_colormap                        0x080130e5   Thumb Code    86  jdmaster.o(.text)
    jinit_master_decompress                  0x0801313b   Thumb Code    40  jdmaster.o(.text)
    jpeg_core_output_dimensions              0x0801316d   Thumb Code   656  jdinput.o(.text)
    jinit_input_controller                   0x08013937   Thumb Code    48  jdinput.o(.text)
    jpeg_resync_to_restart                   0x08014dd9   Thumb Code   176  jdmarker.o(.text)
    jinit_marker_reader                      0x08014e89   Thumb Code    72  jdmarker.o(.text)
    jpeg_save_markers                        0x08014ed1   Thumb Code   116  jdmarker.o(.text)
    jpeg_set_marker_processor                0x08014f45   Thumb Code    54  jdmarker.o(.text)
    jinit_huff_decoder                       0x080163dd   Thumb Code   112  jdhuff.o(.text)
    jinit_d_main_controller                  0x08016725   Thumb Code   156  jdmainct.o(.text)
    jinit_d_coef_controller                  0x080170b9   Thumb Code   194  jdcoefct.o(.text)
    jinit_d_post_controller                  0x08017401   Thumb Code   106  jdpostct.o(.text)
    jinit_inverse_dct                        0x0801777b   Thumb Code    86  jddctmgr.o(.text)
    jpeg_idct_ifast                          0x08017869   Thumb Code   718  jidctfst.o(.text)
    jpeg_idct_float                          0x08017b39   Thumb Code   812  jidctflt.o(.text)
    jpeg_idct_islow                          0x08017e79   Thumb Code   870  jidctint.o(.text)
    jpeg_idct_7x7                            0x080181df   Thumb Code   672  jidctint.o(.text)
    jpeg_idct_6x6                            0x0801847f   Thumb Code   394  jidctint.o(.text)
    jpeg_idct_5x5                            0x08018609   Thumb Code   366  jidctint.o(.text)
    jpeg_idct_4x4                            0x08018777   Thumb Code   294  jidctint.o(.text)
    jpeg_idct_3x3                            0x0801889d   Thumb Code   212  jidctint.o(.text)
    jpeg_idct_2x2                            0x08018971   Thumb Code   106  jidctint.o(.text)
    jpeg_idct_1x1                            0x080189db   Thumb Code    32  jidctint.o(.text)
    jpeg_idct_9x9                            0x080189fb   Thumb Code   770  jidctint.o(.text)
    jpeg_idct_10x10                          0x08018cfd   Thumb Code   834  jidctint.o(.text)
    jpeg_idct_11x11                          0x0801903f   Thumb Code  1218  jidctint.o(.text)
    jpeg_idct_12x12                          0x08019501   Thumb Code   994  jidctint.o(.text)
    jpeg_idct_13x13                          0x080198e3   Thumb Code  1388  jidctint.o(.text)
    jpeg_idct_14x14                          0x08019e4f   Thumb Code  1140  jidctint.o(.text)
    jpeg_idct_15x15                          0x0801a2c3   Thumb Code  1250  jidctint.o(.text)
    jpeg_idct_16x16                          0x0801a7a5   Thumb Code  1512  jidctint.o(.text)
    jpeg_idct_16x8                           0x0801ad8d   Thumb Code  1274  jidctint.o(.text)
    jpeg_idct_14x7                           0x0801b287   Thumb Code   906  jidctint.o(.text)
    jpeg_idct_12x6                           0x0801b611   Thumb Code   712  jidctint.o(.text)
    jpeg_idct_10x5                           0x0801b8d9   Thumb Code   578  jidctint.o(.text)
    jpeg_idct_8x4                            0x0801bb1b   Thumb Code   490  jidctint.o(.text)
    jpeg_idct_6x3                            0x0801bd05   Thumb Code   294  jidctint.o(.text)
    jpeg_idct_4x2                            0x0801be2b   Thumb Code   188  jidctint.o(.text)
    jpeg_idct_2x1                            0x0801bee7   Thumb Code    52  jidctint.o(.text)
    jpeg_idct_8x16                           0x0801bf1b   Thumb Code  1158  jidctint.o(.text)
    jpeg_idct_7x14                           0x0801c3a1   Thumb Code   940  jidctint.o(.text)
    jpeg_idct_6x12                           0x0801c74d   Thumb Code   722  jidctint.o(.text)
    jpeg_idct_5x10                           0x0801ca1f   Thumb Code   608  jidctint.o(.text)
    jpeg_idct_4x8                            0x0801cc7f   Thumb Code   604  jidctint.o(.text)
    jpeg_idct_3x6                            0x0801cedb   Thumb Code   298  jidctint.o(.text)
    jpeg_idct_2x4                            0x0801d005   Thumb Code   216  jidctint.o(.text)
    jpeg_idct_1x2                            0x0801d0dd   Thumb Code    52  jidctint.o(.text)
    jinit_upsampler                          0x0801d2d5   Thumb Code   276  jdsample.o(.text)
    jinit_color_deconverter                  0x0801d811   Thumb Code   504  jdcolor.o(.text)
    jinit_2pass_quantizer                    0x0801e3f5   Thumb Code   232  jquant2.o(.text)
    jinit_1pass_quantizer                    0x0801eb99   Thumb Code   122  jquant1.o(.text)
    jinit_merged_upsampler                   0x0801f1cf   Thumb Code    74  jdmerge.o(.text)
    jpeg_get_small                           0x0801f2c9   Thumb Code     6  jmemnobs.o(.text)
    jpeg_free_small                          0x0801f2cf   Thumb Code     2  jmemnobs.o(.text)
    jpeg_get_large                           0x0801f2d1   Thumb Code     6  jmemnobs.o(.text)
    jpeg_free_large                          0x0801f2d7   Thumb Code     2  jmemnobs.o(.text)
    jpeg_mem_available                       0x0801f2d9   Thumb Code     4  jmemnobs.o(.text)
    jpeg_open_backing_store                  0x0801f2dd   Thumb Code    12  jmemnobs.o(.text)
    jpeg_mem_init                            0x0801f2e9   Thumb Code     4  jmemnobs.o(.text)
    jpeg_mem_term                            0x0801f2ed   Thumb Code     2  jmemnobs.o(.text)
    stdbmp_decode                            0x0801f2f1   Thumb Code   506  bmp.o(.text)
    minibmp_decode                           0x0801f4eb   Thumb Code   720  bmp.o(.text)
    bmp_encode                               0x0801f7bb   Thumb Code   414  bmp.o(.text)
    gif_check_head                           0x0801f965   Thumb Code    78  gif.o(.text)
    gif_getrgb565                            0x0801f9b3   Thumb Code    24  gif.o(.text)
    gif_readcolortbl                         0x0801f9cb   Thumb Code    58  gif.o(.text)
    gif_getinfo                              0x0801fa05   Thumb Code    54  gif.o(.text)
    gif_savegctbl                            0x0801fa3b   Thumb Code    22  gif.o(.text)
    gif_recovergctbl                         0x0801fa51   Thumb Code    22  gif.o(.text)
    gif_initlzw                              0x0801fa67   Thumb Code   138  gif.o(.text)
    gif_getdatablock                         0x0801faf1   Thumb Code    58  gif.o(.text)
    gif_readextension                        0x0801fb2b   Thumb Code   130  gif.o(.text)
    gif_getnextcode                          0x0801fbad   Thumb Code   288  gif.o(.text)
    gif_getnextbyte                          0x0801fccd   Thumb Code   572  gif.o(.text)
    gif_dispimage                            0x0801ff09   Thumb Code   420  gif.o(.text)
    gif_clear2bkcolor                        0x080200ad   Thumb Code   324  gif.o(.text)
    gif_drawimage                            0x080201f1   Thumb Code   284  gif.o(.text)
    gif_quit                                 0x0802030d   Thumb Code     8  gif.o(.text)
    gif_decode                               0x08020315   Thumb Code   258  gif.o(.text)
    piclib_draw_hline                        0x08020421   Thumb Code    38  piclib.o(.text)
    piclib_fill_color                        0x08020447   Thumb Code    24  piclib.o(.text)
    piclib_init                              0x0802045f   Thumb Code    60  piclib.o(.text)
    piclib_alpha_blend                       0x0802049b   Thumb Code    32  piclib.o(.text)
    ai_draw_init                             0x080204bb   Thumb Code   166  piclib.o(.text)
    is_element_ok                            0x08020561   Thumb Code    34  piclib.o(.text)
    ai_load_picfile                          0x08020583   Thumb Code   130  piclib.o(.text)
    pic_memalloc                             0x08020605   Thumb Code     8  piclib.o(.text)
    pic_memfree                              0x0802060d   Thumb Code     8  piclib.o(.text)
    jd_prepare                               0x08020e4d   Thumb Code   712  tjpgd.o(.text)
    jd_decomp                                0x08021115   Thumb Code   228  tjpgd.o(.text)
    jpeg_mallocall                           0x080211f9   Thumb Code    46  tjpgd.o(.text)
    jpeg_freeall                             0x08021227   Thumb Code    26  tjpgd.o(.text)
    jpeg_in_func                             0x08021241   Thumb Code    36  tjpgd.o(.text)
    jpeg_out_func_fill                       0x08021265   Thumb Code    50  tjpgd.o(.text)
    jpeg_out_func_point                      0x08021297   Thumb Code   160  tjpgd.o(.text)
    jpg_decode                               0x08021337   Thumb Code   182  tjpgd.o(.text)
    __use_no_semihosting                     0x08021419   Thumb Code     2  use_no_semi_2.o(.text)
    __aeabi_ldivmod                          0x0802141b   Thumb Code     0  llsdiv.o(.text)
    _ll_sdiv                                 0x0802141b   Thumb Code    72  llsdiv.o(.text)
    __2printf                                0x08021465   Thumb Code    20  noretval__2printf.o(.text)
    __2sprintf                               0x0802147d   Thumb Code    34  noretval__2sprintf.o(.text)
    _printf_pre_padding                      0x080214a5   Thumb Code    44  _printf_pad.o(.text)
    _printf_post_padding                     0x080214d1   Thumb Code    34  _printf_pad.o(.text)
    _printf_truncate_signed                  0x080214f3   Thumb Code    18  _printf_truncate.o(.text)
    _printf_truncate_unsigned                0x08021505   Thumb Code    18  _printf_truncate.o(.text)
    _printf_str                              0x08021517   Thumb Code    82  _printf_str.o(.text)
    _printf_int_dec                          0x08021569   Thumb Code   104  _printf_dec.o(.text)
    _printf_charcount                        0x080215e1   Thumb Code    40  _printf_charcount.o(.text)
    _printf_wctomb                           0x08021609   Thumb Code   182  _printf_wctomb.o(.text)
    _printf_int_oct                          0x080216c5   Thumb Code    74  _printf_oct_int.o(.text)
    _printf_longlong_oct                     0x080216c5   Thumb Code     0  _printf_oct_int.o(.text)
    _printf_longlong_hex                     0x08021719   Thumb Code    78  _printf_hex_int_ptr.o(.text)
    _printf_int_hex                          0x08021767   Thumb Code    26  _printf_hex_int_ptr.o(.text)
    _printf_hex_ptr                          0x08021781   Thumb Code    16  _printf_hex_int_ptr.o(.text)
    __printf                                 0x08021795   Thumb Code   388  __printf_flags_ss_wp.o(.text)
    __0sscanf                                0x0802191d   Thumb Code    52  __0sscanf.o(.text)
    _scanf_int                               0x08021959   Thumb Code   332  _scanf_int.o(.text)
    _scanf_string                            0x08021aa5   Thumb Code   224  _scanf_str.o(.text)
    strcpy                                   0x08021b85   Thumb Code    72  strcpy.o(.text)
    strlen                                   0x08021bcd   Thumb Code    62  strlen.o(.text)
    strcat                                   0x08021c0b   Thumb Code    24  strcat.o(.text)
    __aeabi_memcpy                           0x08021c23   Thumb Code     0  rt_memcpy_v6.o(.text)
    __rt_memcpy                              0x08021c23   Thumb Code   138  rt_memcpy_v6.o(.text)
    _memcpy_lastbytes                        0x08021c89   Thumb Code     0  rt_memcpy_v6.o(.text)
    __aeabi_memcpy4                          0x08021cad   Thumb Code     0  rt_memcpy_w.o(.text)
    __aeabi_memcpy8                          0x08021cad   Thumb Code     0  rt_memcpy_w.o(.text)
    __rt_memcpy_w                            0x08021cad   Thumb Code   100  rt_memcpy_w.o(.text)
    _memcpy_lastbytes_aligned                0x08021cf5   Thumb Code     0  rt_memcpy_w.o(.text)
    __aeabi_memclr                           0x08021d11   Thumb Code     0  rt_memclr.o(.text)
    __rt_memclr                              0x08021d11   Thumb Code    68  rt_memclr.o(.text)
    _memset                                  0x08021d15   Thumb Code     0  rt_memclr.o(.text)
    __aeabi_memclr4                          0x08021d55   Thumb Code     0  rt_memclr_w.o(.text)
    __aeabi_memclr8                          0x08021d55   Thumb Code     0  rt_memclr_w.o(.text)
    __rt_memclr_w                            0x08021d55   Thumb Code    78  rt_memclr_w.o(.text)
    _memset_w                                0x08021d59   Thumb Code     0  rt_memclr_w.o(.text)
    strncpy                                  0x08021da3   Thumb Code    86  strncpy.o(.text)
    strcmp                                   0x08021df9   Thumb Code   128  strcmpv7m.o(.text)
    __use_two_region_memory                  0x08021e79   Thumb Code     2  heapauxi.o(.text)
    __rt_heap_escrow$2region                 0x08021e7b   Thumb Code     2  heapauxi.o(.text)
    __rt_heap_expand$2region                 0x08021e7d   Thumb Code     2  heapauxi.o(.text)
    setjmp                                   0x08021e7f   Thumb Code    42  setjmp.o(.text)
    longjmp                                  0x08021ea9   Thumb Code    56  setjmp.o(.text)
    __I$use$semihosting                      0x08021ee1   Thumb Code     0  use_no_semi.o(.text)
    __use_no_semihosting_swi                 0x08021ee1   Thumb Code     2  use_no_semi.o(.text)
    __aeabi_uldivmod                         0x08021ee3   Thumb Code     0  lludivv7m.o(.text)
    _ll_udiv                                 0x08021ee3   Thumb Code   238  lludivv7m.o(.text)
    __read_errno                             0x08021fd1   Thumb Code    10  _rserrno.o(.text)
    __set_errno                              0x08021fdb   Thumb Code    12  _rserrno.o(.text)
    _printf_int_common                       0x08021fe7   Thumb Code   178  _printf_intcommon.o(.text)
    _printf_char_common                      0x080220a3   Thumb Code    32  _printf_char_common.o(.text)
    _sputc                                   0x080220c9   Thumb Code    10  _sputc.o(.text)
    _printf_cs_common                        0x080220d3   Thumb Code    20  _printf_char.o(.text)
    _printf_char                             0x080220e7   Thumb Code    16  _printf_char.o(.text)
    _printf_string                           0x080220f7   Thumb Code     8  _printf_char.o(.text)
    _printf_char_file                        0x08022101   Thumb Code    32  _printf_char_file.o(.text)
    _printf_lcs_common                       0x08022125   Thumb Code    20  _printf_wchar.o(.text)
    _printf_wchar                            0x08022139   Thumb Code    16  _printf_wchar.o(.text)
    _printf_wstring                          0x08022149   Thumb Code     8  _printf_wchar.o(.text)
    _chval                                   0x08022151   Thumb Code    28  _chval.o(.text)
    __vfscanf_char                           0x08022179   Thumb Code    24  scanf_char.o(.text)
    _sgetc                                   0x08022199   Thumb Code    30  _sgetc.o(.text)
    _sbackspace                              0x080221b7   Thumb Code    34  _sgetc.o(.text)
    _wcrtomb                                 0x080221d9   Thumb Code    64  _wcrtomb.o(.text)
    __rt_ctype_table                         0x08022219   Thumb Code    16  rt_ctype_table.o(.text)
    __aeabi_errno_addr                       0x08022229   Thumb Code     8  rt_errno_addr_intlibspace.o(.text)
    __errno$intlibspace                      0x08022229   Thumb Code     0  rt_errno_addr_intlibspace.o(.text)
    __rt_errno_addr$intlibspace              0x08022229   Thumb Code     0  rt_errno_addr_intlibspace.o(.text)
    isspace                                  0x08022231   Thumb Code    18  isspace.o(.text)
    __vfscanf                                0x08022245   Thumb Code   878  _scanf.o(.text)
    ferror                                   0x080225b9   Thumb Code     8  ferror.o(.text)
    __user_libspace                          0x080225c1   Thumb Code     8  libspace.o(.text)
    __user_perproc_libspace                  0x080225c1   Thumb Code     0  libspace.o(.text)
    __user_perthread_libspace                0x080225c1   Thumb Code     0  libspace.o(.text)
    __user_setup_stackheap                   0x080225c9   Thumb Code    74  sys_stackheap_outer.o(.text)
    __rt_locale                              0x08022615   Thumb Code     8  rt_locale_intlibspace.o(.text)
    exit                                     0x0802261d   Thumb Code    12  exit.o(.text)
    __hardfp_sqrt                            0x08022629   Thumb Code   122  sqrt.o(i.__hardfp_sqrt)
    _is_digit                                0x080226a3   Thumb Code    14  __printf_wp.o(i._is_digit)
    _get_lc_ctype                            0x080226b1   Thumb Code    44  lc_ctype_c.o(locale$$code)
    __aeabi_d2f                              0x080226dd   Thumb Code     0  d2f.o(x$fpl$d2f)
    _d2f                                     0x080226dd   Thumb Code    98  d2f.o(x$fpl$d2f)
    __aeabi_dadd                             0x08022741   Thumb Code     0  daddsub_clz.o(x$fpl$dadd)
    _dadd                                    0x08022741   Thumb Code   332  daddsub_clz.o(x$fpl$dadd)
    __fpl_dcmp_Inf                           0x08022891   Thumb Code    24  dcmpi.o(x$fpl$dcmpinf)
    __aeabi_ddiv                             0x080228a9   Thumb Code     0  ddiv.o(x$fpl$ddiv)
    _ddiv                                    0x080228a9   Thumb Code   552  ddiv.o(x$fpl$ddiv)
    __aeabi_d2uiz                            0x08022b59   Thumb Code     0  dfixu.o(x$fpl$dfixu)
    _dfixu                                   0x08022b59   Thumb Code    90  dfixu.o(x$fpl$dfixu)
    __aeabi_ui2d                             0x08022bb3   Thumb Code     0  dflt_clz.o(x$fpl$dfltu)
    _dfltu                                   0x08022bb3   Thumb Code    38  dflt_clz.o(x$fpl$dfltu)
    __aeabi_cdcmple                          0x08022bd9   Thumb Code     0  dleqf.o(x$fpl$dleqf)
    _dcmple                                  0x08022bd9   Thumb Code   120  dleqf.o(x$fpl$dleqf)
    __fpl_dcmple_InfNaN                      0x08022c3b   Thumb Code     0  dleqf.o(x$fpl$dleqf)
    __aeabi_dmul                             0x08022c51   Thumb Code     0  dmul.o(x$fpl$dmul)
    _dmul                                    0x08022c51   Thumb Code   332  dmul.o(x$fpl$dmul)
    __fpl_dnaninf                            0x08022da5   Thumb Code   156  dnaninf.o(x$fpl$dnaninf)
    __fpl_dretinf                            0x08022e41   Thumb Code    12  dretinf.o(x$fpl$dretinf)
    __aeabi_cdrcmple                         0x08022e4d   Thumb Code     0  drleqf.o(x$fpl$drleqf)
    _drcmple                                 0x08022e4d   Thumb Code   108  drleqf.o(x$fpl$drleqf)
    __aeabi_drsub                            0x08022eb9   Thumb Code     0  daddsub_clz.o(x$fpl$drsb)
    _drsb                                    0x08022eb9   Thumb Code    22  daddsub_clz.o(x$fpl$drsb)
    _dsqrt                                   0x08022ed1   Thumb Code   404  dsqrt_umaal.o(x$fpl$dsqrt)
    __aeabi_dsub                             0x08023069   Thumb Code     0  daddsub_clz.o(x$fpl$dsub)
    _dsub                                    0x08023069   Thumb Code   464  daddsub_clz.o(x$fpl$dsub)
    __aeabi_f2d                              0x0802323d   Thumb Code     0  f2d.o(x$fpl$f2d)
    _f2d                                     0x0802323d   Thumb Code    86  f2d.o(x$fpl$f2d)
    __fpl_fnaninf                            0x08023293   Thumb Code   140  fnaninf.o(x$fpl$fnaninf)
    _fp_init                                 0x0802331f   Thumb Code    10  fpinit.o(x$fpl$fpinit)
    __fplib_config_fpu_vfp                   0x08023327   Thumb Code     0  fpinit.o(x$fpl$fpinit)
    __fplib_config_pureend_doubles           0x08023327   Thumb Code     0  fpinit.o(x$fpl$fpinit)
    __fpl_fretinf                            0x08023329   Thumb Code    10  fretinf.o(x$fpl$fretinf)
    __I$use$fp                               0x08023332   Number         0  usenofp.o(x$fpl$usenofp)
    asc2_1206                                0x08023332   Data        1140  lcd.o(.constdata)
    asc2_1608                                0x080237a6   Data        1520  lcd.o(.constdata)
    asc2_2412                                0x08023d96   Data        3420  lcd.o(.constdata)
    I2S_PSC_TBL                              0x08024af2   Data         110  i2s.o(.constdata)
    FT5206_TPX_TBL                           0x08024b60   Data          10  ft5206.o(.constdata)
    GT9147_CFG_TBL                           0x08024b6a   Data         184  gt9147.o(.constdata)
    GT9147_TPX_TBL                           0x08024c22   Data          10  gt9147.o(.constdata)
    OTT_TPX_TBL                              0x08024c2c   Data          10  ott2001a.o(.constdata)
    TP_REMIND_MSG_TBL                        0x08024c38   Data           4  touch.o(.constdata)
    FSMC_DefaultTimingStruct                 0x08024c3c   Data          28  stm32f4xx_fsmc.o(.constdata)
    memtblsize                               0x08024c58   Data          12  malloc.o(.constdata)
    memblksize                               0x08024c64   Data          12  malloc.o(.constdata)
    memsize                                  0x08024c70   Data          12  malloc.o(.constdata)
    FILE_TYPE_TBL                            0x08024cb8   Data         112  exfuns.o(.constdata)
    GBK24_PATH                               0x080250e8   Data           4  fontupd.o(.constdata)
    GBK16_PATH                               0x080250ec   Data           4  fontupd.o(.constdata)
    GBK12_PATH                               0x080250f0   Data           4  fontupd.o(.constdata)
    UNIGBK_PATH                              0x080250f4   Data           4  fontupd.o(.constdata)
    AVI_VIDS_FLAG_TBL                        0x080250f8   Data           8  avi.o(.constdata)
    AVI_AUDS_FLAG_TBL                        0x08025100   Data           8  avi.o(.constdata)
    jpeg_aritab                              0x08025108   Data         456  jaricom.o(.constdata)
    jpeg_natural_order                       0x080252d0   Data         320  jutils.o(.constdata)
    jpeg_natural_order7                      0x08025410   Data         260  jutils.o(.constdata)
    jpeg_natural_order6                      0x08025514   Data         208  jutils.o(.constdata)
    jpeg_natural_order5                      0x080255e4   Data         164  jutils.o(.constdata)
    jpeg_natural_order4                      0x08025688   Data         128  jutils.o(.constdata)
    jpeg_natural_order3                      0x08025708   Data         100  jutils.o(.constdata)
    jpeg_natural_order2                      0x0802576c   Data          80  jutils.o(.constdata)
    jpeg_std_message_table                   0x080257bc   Data         512  jerror.o(.constdata)
    _aInterlaceOffset                        0x08025f04   Data           4  gif.o(.constdata)
    _aInterlaceYPos                          0x08025f08   Data           4  gif.o(.constdata)
    _aMaskTbl                                0x08025f0c   Data          32  gif.o(.constdata)
    Region$$Table$$Base                      0x08027aa4   Number         0  anon$$obj.o(Region$$Table)
    Region$$Table$$Limit                     0x08027ac4   Number         0  anon$$obj.o(Region$$Table)
    __ctype                                  0x08027ad1   Data           0  lc_ctype_c.o(locale$$data)
    mem3base                                 0x10000000   Data       61440  malloc.o(.ARM.__AT_0x10000000)
    mem3mapbase                              0x1000f000   Data        3840  malloc.o(.ARM.__AT_0x1000F000)
    SystemCoreClock                          0x20000000   Data           4  system_stm32f4xx.o(.data)
    AHBPrescTable                            0x20000004   Data          16  system_stm32f4xx.o(.data)
    POINT_COLOR                              0x20000014   Data           2  lcd.o(.data)
    BACK_COLOR                               0x20000016   Data           2  lcd.o(.data)
    W25QXX_TYPE                              0x2000001a   Data           2  w25qxx.o(.data)
    TransferError                            0x2000001f   Data           1  sdio_sdcard.o(.data)
    TransferEnd                              0x20000020   Data           1  sdio_sdcard.o(.data)
    tempbuff                                 0x20000028   Data           4  sdio_sdcard.o(.data)
    i2s_tx_callback                          0x2000002c   Data           4  i2s.o(.data)
    i2s_rx_callback                          0x20000030   Data           4  i2s.o(.data)
    frameup                                  0x200000a8   Data           1  timer.o(.data)
    frame                                    0x200000aa   Data           2  timer.o(.data)
    CMD_RDX                                  0x200000b0   Data           1  touch.o(.data)
    CMD_RDY                                  0x200000b1   Data           1  touch.o(.data)
    tp_dev                                   0x200000b4   Data          52  touch.o(.data)
    USART_RX_STA                             0x200000ec   Data           2  usart.o(.data)
    __stdout                                 0x200000f0   Data           4  usart.o(.data)
    mallco_dev                               0x20000104   Data          36  malloc.o(.data)
    sys_cmd_tab                              0x20000128   Data          28  usmart.o(.data)
    usmart_nametab                           0x20000144   Data         120  usmart_config.o(.data)
    usmart_dev                               0x200001bc   Data         244  usmart_config.o(.data)
    FLASH_SECTOR_COUNT                       0x200002b0   Data           2  diskio.o(.data)
    file                                     0x200002b4   Data           4  exfuns.o(.data)
    ftemp                                    0x200002b8   Data           4  exfuns.o(.data)
    fatbuf                                   0x200002bc   Data           4  exfuns.o(.data)
    br                                       0x200002c0   Data           4  exfuns.o(.data)
    bw                                       0x200002c4   Data           4  exfuns.o(.data)
    i2splaybuf                               0x200002c8   Data           1  videoplayer.o(.data)
    imgoffx                                  0x200002d0   Data           2  mjpeg.o(.data)
    imgoffy                                  0x200002d2   Data           2  mjpeg.o(.data)
    cinfo                                    0x200002d4   Data           4  mjpeg.o(.data)
    jerr                                     0x200002d8   Data           4  mjpeg.o(.data)
    jpegbuf                                  0x200002dc   Data           4  mjpeg.o(.data)
    jbufsize                                 0x200002e0   Data           4  mjpeg.o(.data)
    jmembuf                                  0x200002e4   Data           4  mjpeg.o(.data)
    jmempos                                  0x200002e8   Data           4  mjpeg.o(.data)
    gifdecoding                              0x200002ec   Data           1  gif.o(.data)
    f_jpeg                                   0x200002f0   Data           4  tjpgd.o(.data)
    jpeg_dev                                 0x200002f4   Data           4  tjpgd.o(.data)
    jpg_buffer                               0x200002f8   Data           4  tjpgd.o(.data)
    lcddev                                   0x200002fc   Data          14  lcd.o(.bss)
    W25QXX_BUFFER                            0x2000030a   Data        4096  w25qxx.o(.bss)
    SDIO_InitStructure                       0x20001310   Data          24  sdio_sdcard.o(.bss)
    SDIO_CmdInitStructure                    0x20001328   Data          20  sdio_sdcard.o(.bss)
    SDIO_DataInitStructure                   0x2000133c   Data          24  sdio_sdcard.o(.bss)
    SDCardInfo                               0x20001378   Data          88  sdio_sdcard.o(.bss)
    SDIO_DATA_BUFFER                         0x200013d0   Data         512  sdio_sdcard.o(.bss)
    USART_RX_BUF                             0x200015d0   Data         200  usart.o(.bss)
    mem1base                                 0x200016a0   Data       102400  malloc.o(.bss)
    mem1mapbase                              0x2001a6a0   Data        6400  malloc.o(.bss)
    fs                                       0x2001bfac   Data          12  exfuns.o(.bss)
    fileinfo                                 0x2001bfb8   Data          32  exfuns.o(.bss)
    dir                                      0x2001bfd8   Data          36  exfuns.o(.bss)
    ftinfo                                   0x2001bffc   Data          33  fontupd.o(.bss)
    i2sbuf                                   0x2001c020   Data          16  videoplayer.o(.bss)
    avix                                     0x2001c030   Data          40  avi.o(.bss)
    picinfo                                  0x2001c058   Data          40  piclib.o(.bss)
    pic_phy                                  0x2001c080   Data          20  piclib.o(.bss)
    __libspace_start                         0x2001c094   Data          96  libspace.o(.bss)
    __temporary_stack_top$libspace           0x2001c0f4   Data           0  libspace.o(.bss)
    mem2base                                 0x68000000   Data       983040  malloc.o(.ARM.__AT_0x68000000)
    mem2mapbase                              0x680f0000   Data       61440  malloc.o(.ARM.__AT_0x680F0000)



==============================================================================

Memory Map of the image

  Image Entry point : 0x08000189

  Load Region LR_IROM1 (Base: 0x08000000, Size: 0x00027ed0, Max: 0x00100000, ABSOLUTE, COMPRESSED[0x00027ce4])

    Execution Region ER_IROM1 (Base: 0x08000000, Size: 0x00027bd4, Max: 0x00100000, ABSOLUTE)

    Base Addr    Size         Type   Attr      Idx    E Section Name        Object

    0x08000000   0x00000188   Data   RO          820    RESET               startup_stm32f40_41xxx.o
    0x08000188   0x00000008   Code   RO         2157  * !!!main             c_w.l(__main.o)
    0x08000190   0x00000034   Code   RO         2431    !!!scatter          c_w.l(__scatter.o)
    0x080001c4   0x0000005a   Code   RO         2429    !!dczerorl2         c_w.l(__dczerorl2.o)
    0x0800021e   0x00000002   PAD
    0x08000220   0x0000001c   Code   RO         2433    !!handler_zi        c_w.l(__scatter_zi.o)
    0x0800023c   0x00000000   Code   RO         2127    .ARM.Collect$$_printf_percent$$00000000  c_w.l(_printf_percent.o)
    0x0800023c   0x00000006   Code   RO         2120    .ARM.Collect$$_printf_percent$$00000001  c_w.l(_printf_n.o)
    0x08000242   0x00000006   Code   RO         2122    .ARM.Collect$$_printf_percent$$00000002  c_w.l(_printf_p.o)
    0x08000248   0x00000006   Code   RO         2124    .ARM.Collect$$_printf_percent$$00000008  c_w.l(_printf_i.o)
    0x0800024e   0x00000006   Code   RO         2125    .ARM.Collect$$_printf_percent$$00000009  c_w.l(_printf_d.o)
    0x08000254   0x00000006   Code   RO         2126    .ARM.Collect$$_printf_percent$$0000000A  c_w.l(_printf_u.o)
    0x0800025a   0x00000006   Code   RO         2123    .ARM.Collect$$_printf_percent$$0000000B  c_w.l(_printf_o.o)
    0x08000260   0x00000006   Code   RO         2121    .ARM.Collect$$_printf_percent$$0000000C  c_w.l(_printf_x.o)
    0x08000266   0x0000000a   Code   RO         2223    .ARM.Collect$$_printf_percent$$00000012  c_w.l(_printf_l.o)
    0x08000270   0x00000006   Code   RO         2118    .ARM.Collect$$_printf_percent$$00000013  c_w.l(_printf_c.o)
    0x08000276   0x00000006   Code   RO         2119    .ARM.Collect$$_printf_percent$$00000014  c_w.l(_printf_s.o)
    0x0800027c   0x00000006   Code   RO         2128    .ARM.Collect$$_printf_percent$$00000015  c_w.l(_printf_lc.o)
    0x08000282   0x00000004   Code   RO         2222    .ARM.Collect$$_printf_percent$$00000017  c_w.l(_printf_percent_end.o)
    0x08000286   0x00000002   Code   RO         2303    .ARM.Collect$$libinit$$00000000  c_w.l(libinit.o)
    0x08000288   0x00000004   Code   RO         2310    .ARM.Collect$$libinit$$00000001  c_w.l(libinit2.o)
    0x0800028c   0x00000000   Code   RO         2313    .ARM.Collect$$libinit$$00000004  c_w.l(libinit2.o)
    0x0800028c   0x00000000   Code   RO         2316    .ARM.Collect$$libinit$$0000000A  c_w.l(libinit2.o)
    0x0800028c   0x00000000   Code   RO         2318    .ARM.Collect$$libinit$$0000000C  c_w.l(libinit2.o)
    0x0800028c   0x00000000   Code   RO         2320    .ARM.Collect$$libinit$$0000000E  c_w.l(libinit2.o)
    0x0800028c   0x00000006   Code   RO         2321    .ARM.Collect$$libinit$$0000000F  c_w.l(libinit2.o)
    0x08000292   0x00000000   Code   RO         2323    .ARM.Collect$$libinit$$00000011  c_w.l(libinit2.o)
    0x08000292   0x0000000c   Code   RO         2324    .ARM.Collect$$libinit$$00000012  c_w.l(libinit2.o)
    0x0800029e   0x00000000   Code   RO         2325    .ARM.Collect$$libinit$$00000013  c_w.l(libinit2.o)
    0x0800029e   0x00000000   Code   RO         2327    .ARM.Collect$$libinit$$00000015  c_w.l(libinit2.o)
    0x0800029e   0x00000000   Code   RO         2329    .ARM.Collect$$libinit$$00000017  c_w.l(libinit2.o)
    0x0800029e   0x00000000   Code   RO         2331    .ARM.Collect$$libinit$$00000019  c_w.l(libinit2.o)
    0x0800029e   0x00000000   Code   RO         2333    .ARM.Collect$$libinit$$0000001B  c_w.l(libinit2.o)
    0x0800029e   0x00000000   Code   RO         2335    .ARM.Collect$$libinit$$0000001D  c_w.l(libinit2.o)
    0x0800029e   0x00000000   Code   RO         2337    .ARM.Collect$$libinit$$0000001F  c_w.l(libinit2.o)
    0x0800029e   0x00000000   Code   RO         2339    .ARM.Collect$$libinit$$00000021  c_w.l(libinit2.o)
    0x0800029e   0x00000000   Code   RO         2341    .ARM.Collect$$libinit$$00000023  c_w.l(libinit2.o)
    0x0800029e   0x00000000   Code   RO         2343    .ARM.Collect$$libinit$$00000025  c_w.l(libinit2.o)
    0x0800029e   0x00000000   Code   RO         2347    .ARM.Collect$$libinit$$0000002C  c_w.l(libinit2.o)
    0x0800029e   0x00000000   Code   RO         2349    .ARM.Collect$$libinit$$0000002E  c_w.l(libinit2.o)
    0x0800029e   0x00000000   Code   RO         2351    .ARM.Collect$$libinit$$00000030  c_w.l(libinit2.o)
    0x0800029e   0x00000000   Code   RO         2353    .ARM.Collect$$libinit$$00000032  c_w.l(libinit2.o)
    0x0800029e   0x00000002   Code   RO         2354    .ARM.Collect$$libinit$$00000033  c_w.l(libinit2.o)
    0x080002a0   0x00000002   Code   RO         2382    .ARM.Collect$$libshutdown$$00000000  c_w.l(libshutdown.o)
    0x080002a2   0x00000000   Code   RO         2397    .ARM.Collect$$libshutdown$$00000003  c_w.l(libshutdown2.o)
    0x080002a2   0x00000000   Code   RO         2400    .ARM.Collect$$libshutdown$$00000006  c_w.l(libshutdown2.o)
    0x080002a2   0x00000000   Code   RO         2403    .ARM.Collect$$libshutdown$$00000009  c_w.l(libshutdown2.o)
    0x080002a2   0x00000000   Code   RO         2405    .ARM.Collect$$libshutdown$$0000000B  c_w.l(libshutdown2.o)
    0x080002a2   0x00000000   Code   RO         2408    .ARM.Collect$$libshutdown$$0000000E  c_w.l(libshutdown2.o)
    0x080002a2   0x00000002   Code   RO         2409    .ARM.Collect$$libshutdown$$0000000F  c_w.l(libshutdown2.o)
    0x080002a4   0x00000000   Code   RO         2205    .ARM.Collect$$rtentry$$00000000  c_w.l(__rtentry.o)
    0x080002a4   0x00000000   Code   RO         2246    .ARM.Collect$$rtentry$$00000002  c_w.l(__rtentry2.o)
    0x080002a4   0x00000006   Code   RO         2258    .ARM.Collect$$rtentry$$00000004  c_w.l(__rtentry4.o)
    0x080002aa   0x00000000   Code   RO         2248    .ARM.Collect$$rtentry$$00000009  c_w.l(__rtentry2.o)
    0x080002aa   0x00000004   Code   RO         2249    .ARM.Collect$$rtentry$$0000000A  c_w.l(__rtentry2.o)
    0x080002ae   0x00000000   Code   RO         2251    .ARM.Collect$$rtentry$$0000000C  c_w.l(__rtentry2.o)
    0x080002ae   0x00000008   Code   RO         2252    .ARM.Collect$$rtentry$$0000000D  c_w.l(__rtentry2.o)
    0x080002b6   0x00000002   Code   RO         2304    .ARM.Collect$$rtexit$$00000000  c_w.l(rtexit.o)
    0x080002b8   0x00000000   Code   RO         2356    .ARM.Collect$$rtexit$$00000002  c_w.l(rtexit2.o)
    0x080002b8   0x00000004   Code   RO         2357    .ARM.Collect$$rtexit$$00000003  c_w.l(rtexit2.o)
    0x080002bc   0x00000006   Code   RO         2358    .ARM.Collect$$rtexit$$00000004  c_w.l(rtexit2.o)
    0x080002c2   0x00000002   PAD
    0x080002c4   0x00000010   Code   RO          770    .emb_text           sys.o
    0x080002d4   0x00000200   Code   RO            3    .text               main.o
    0x080004d4   0x00000012   Code   RO          252    .text               stm32f4xx_it.o
    0x080004e6   0x00000002   PAD
    0x080004e8   0x0000017c   Code   RO          301    .text               system_stm32f4xx.o
    0x08000664   0x00000040   Code   RO          327    .text               led.o
    0x080006a4   0x00004a30   Code   RO          347    .text               lcd.o
    0x080050d4   0x00000104   Code   RO          396    .text               key.o
    0x080051d8   0x0000010c   Code   RO          417    .text               spi.o
    0x080052e4   0x00000360   Code   RO          440    .text               w25qxx.o
    0x08005644   0x0000178c   Code   RO          468    .text               sdio_sdcard.o
    0x08006dd0   0x00000224   Code   RO          503    .text               myiic.o
    0x08006ff4   0x0000013e   Code   RO          526    .text               24cxx.o
    0x08007132   0x00000002   PAD
    0x08007134   0x000002e0   Code   RO          549    .text               i2s.o
    0x08007414   0x00000368   Code   RO          576    .text               wm8978.o
    0x0800777c   0x00000114   Code   RO          599    .text               timer.o
    0x08007890   0x00000244   Code   RO          622    .text               ctiic.o
    0x08007ad4   0x000002a4   Code   RO          646    .text               ft5206.o
    0x08007d78   0x00000390   Code   RO          670    .text               gt9147.o
    0x08008108   0x000002e4   Code   RO          694    .text               ott2001a.o
    0x080083ec   0x00000bc0   Code   RO          719    .text               touch.o
    0x08008fac   0x000000b8   Code   RO          748    .text               delay.o
    0x08009064   0x0000011c   Code   RO          788    .text               usart.o
    0x08009180   0x0000003c   Code   RO          821    .text               startup_stm32f40_41xxx.o
    0x080091bc   0x000000b0   Code   RO          827    .text               misc.o
    0x0800926c   0x0000020c   Code   RO          847    .text               stm32f4xx_gpio.o
    0x08009478   0x00000448   Code   RO          867    .text               stm32f4xx_fsmc.o
    0x080098c0   0x00000480   Code   RO          890    .text               stm32f4xx_rcc.o
    0x08009d40   0x00000358   Code   RO          912    .text               stm32f4xx_usart.o
    0x0800a098   0x000009dc   Code   RO          932    .text               stm32f4xx_tim.o
    0x0800aa74   0x0000032c   Code   RO          973    .text               stm32f4xx_spi.o
    0x0800ada0   0x000001b8   Code   RO          993    .text               stm32f4xx_sdio.o
    0x0800af58   0x00000320   Code   RO         1013    .text               stm32f4xx_dma.o
    0x0800b278   0x000001c4   Code   RO         1033    .text               malloc.o
    0x0800b43c   0x00000b14   Code   RO         1067    .text               usmart.o
    0x0800bf50   0x00000420   Code   RO         1114    .text               usmart_str.o
    0x0800c370   0x00000144   Code   RO         1135    .text               diskio.o
    0x0800c4b4   0x000028e8   Code   RO         1159    .text               ff.o
    0x0800ed9c   0x00000128   Code   RO         1181    .text               exfuns.o
    0x0800eec4   0x000008ac   Code   RO         1218    .text               fattester.o
    0x0800f770   0x00000094   Code   RO         1238    .text               mycc936.o
    0x0800f804   0x000004ba   Code   RO         1259    .text               fontupd.o
    0x0800fcbe   0x00000002   PAD
    0x0800fcc0   0x00000234   Code   RO         1288    .text               text.o
    0x0800fef4   0x00000b60   Code   RO         1375    .text               videoplayer.o
    0x08010a54   0x000003b0   Code   RO         1431    .text               avi.o
    0x08010e04   0x00000248   Code   RO         1477    .text               mjpeg.o
    0x0801104c   0x00000072   Code   RO         1538    .text               jcomapi.o
    0x080110be   0x0000004c   Code   RO         1557    .text               jutils.o
    0x0801110a   0x00000002   PAD
    0x0801110c   0x00000140   Code   RO         1585    .text               jerror.o
    0x0801124c   0x000008dc   Code   RO         1616    .text               jmemmgr.o
    0x08011b28   0x000003a0   Code   RO         1640    .text               jdapimin.o
    0x08011ec8   0x000002b4   Code   RO         1652    .text               jdapistd.o
    0x0801217c   0x00000a48   Code   RO         1664    .text               jdarith.o
    0x08012bc4   0x000005a8   Code   RO         1676    .text               jdmaster.o
    0x0801316c   0x0000080c   Code   RO         1688    .text               jdinput.o
    0x08013978   0x000017b0   Code   RO         1700    .text               jdmarker.o
    0x08015128   0x00001370   Code   RO         1712    .text               jdhuff.o
    0x08016498   0x0000044c   Code   RO         1726    .text               jdmainct.o
    0x080168e4   0x00000944   Code   RO         1738    .text               jdcoefct.o
    0x08017228   0x00000254   Code   RO         1750    .text               jdpostct.o
    0x0801747c   0x000003ec   Code   RO         1762    .text               jddctmgr.o
    0x08017868   0x000002ce   Code   RO         1778    .text               jidctfst.o
    0x08017b36   0x00000002   PAD
    0x08017b38   0x00000340   Code   RO         1790    .text               jidctflt.o
    0x08017e78   0x00005298   Code   RO         1802    .text               jidctint.o
    0x0801d110   0x000002f4   Code   RO         1814    .text               jdsample.o
    0x0801d404   0x00000704   Code   RO         1826    .text               jdcolor.o
    0x0801db08   0x00000bf0   Code   RO         1838    .text               jquant2.o
    0x0801e6f8   0x00000748   Code   RO         1850    .text               jquant1.o
    0x0801ee40   0x00000488   Code   RO         1866    .text               jdmerge.o
    0x0801f2c8   0x00000026   Code   RO         1886    .text               jmemnobs.o
    0x0801f2ee   0x00000002   PAD
    0x0801f2f0   0x00000674   Code   RO         1927    .text               bmp.o
    0x0801f964   0x00000abc   Code   RO         1947    .text               gif.o
    0x08020420   0x00000210   Code   RO         1975    .text               piclib.o
    0x08020630   0x00000de8   Code   RO         2001    .text               tjpgd.o
    0x08021418   0x00000002   Code   RO         2044    .text               c_w.l(use_no_semi_2.o)
    0x0802141a   0x00000048   Code   RO         2046    .text               c_w.l(llsdiv.o)
    0x08021462   0x00000002   PAD
    0x08021464   0x00000018   Code   RO         2052    .text               c_w.l(noretval__2printf.o)
    0x0802147c   0x00000028   Code   RO         2054    .text               c_w.l(noretval__2sprintf.o)
    0x080214a4   0x0000004e   Code   RO         2058    .text               c_w.l(_printf_pad.o)
    0x080214f2   0x00000024   Code   RO         2060    .text               c_w.l(_printf_truncate.o)
    0x08021516   0x00000052   Code   RO         2062    .text               c_w.l(_printf_str.o)
    0x08021568   0x00000078   Code   RO         2064    .text               c_w.l(_printf_dec.o)
    0x080215e0   0x00000028   Code   RO         2066    .text               c_w.l(_printf_charcount.o)
    0x08021608   0x000000bc   Code   RO         2068    .text               c_w.l(_printf_wctomb.o)
    0x080216c4   0x00000054   Code   RO         2073    .text               c_w.l(_printf_oct_int.o)
    0x08021718   0x0000007c   Code   RO         2089    .text               c_w.l(_printf_hex_int_ptr.o)
    0x08021794   0x00000188   Code   RO         2115    .text               c_w.l(__printf_flags_ss_wp.o)
    0x0802191c   0x0000003c   Code   RO         2129    .text               c_w.l(__0sscanf.o)
    0x08021958   0x0000014c   Code   RO         2131    .text               c_w.l(_scanf_int.o)
    0x08021aa4   0x000000e0   Code   RO         2133    .text               c_w.l(_scanf_str.o)
    0x08021b84   0x00000048   Code   RO         2137    .text               c_w.l(strcpy.o)
    0x08021bcc   0x0000003e   Code   RO         2139    .text               c_w.l(strlen.o)
    0x08021c0a   0x00000018   Code   RO         2141    .text               c_w.l(strcat.o)
    0x08021c22   0x0000008a   Code   RO         2143    .text               c_w.l(rt_memcpy_v6.o)
    0x08021cac   0x00000064   Code   RO         2145    .text               c_w.l(rt_memcpy_w.o)
    0x08021d10   0x00000044   Code   RO         2147    .text               c_w.l(rt_memclr.o)
    0x08021d54   0x0000004e   Code   RO         2149    .text               c_w.l(rt_memclr_w.o)
    0x08021da2   0x00000056   Code   RO         2151    .text               c_w.l(strncpy.o)
    0x08021df8   0x00000080   Code   RO         2153    .text               c_w.l(strcmpv7m.o)
    0x08021e78   0x00000006   Code   RO         2155    .text               c_w.l(heapauxi.o)
    0x08021e7e   0x00000062   Code   RO         2189    .text               fz_wm.l(setjmp.o)
    0x08021ee0   0x00000002   Code   RO         2203    .text               c_w.l(use_no_semi.o)
    0x08021ee2   0x000000ee   Code   RO         2206    .text               c_w.l(lludivv7m.o)
    0x08021fd0   0x00000016   Code   RO         2208    .text               c_w.l(_rserrno.o)
    0x08021fe6   0x000000b2   Code   RO         2210    .text               c_w.l(_printf_intcommon.o)
    0x08022098   0x00000030   Code   RO         2212    .text               c_w.l(_printf_char_common.o)
    0x080220c8   0x0000000a   Code   RO         2214    .text               c_w.l(_sputc.o)
    0x080220d2   0x0000002c   Code   RO         2216    .text               c_w.l(_printf_char.o)
    0x080220fe   0x00000002   PAD
    0x08022100   0x00000024   Code   RO         2218    .text               c_w.l(_printf_char_file.o)
    0x08022124   0x0000002c   Code   RO         2220    .text               c_w.l(_printf_wchar.o)
    0x08022150   0x0000001c   Code   RO         2224    .text               c_w.l(_chval.o)
    0x0802216c   0x0000002c   Code   RO         2226    .text               c_w.l(scanf_char.o)
    0x08022198   0x00000040   Code   RO         2228    .text               c_w.l(_sgetc.o)
    0x080221d8   0x00000040   Code   RO         2230    .text               c_w.l(_wcrtomb.o)
    0x08022218   0x00000010   Code   RO         2260    .text               c_w.l(rt_ctype_table.o)
    0x08022228   0x00000008   Code   RO         2269    .text               c_w.l(rt_errno_addr_intlibspace.o)
    0x08022230   0x00000012   Code   RO         2271    .text               c_w.l(isspace.o)
    0x08022242   0x00000002   PAD
    0x08022244   0x00000374   Code   RO         2275    .text               c_w.l(_scanf.o)
    0x080225b8   0x00000008   Code   RO         2277    .text               c_w.l(ferror.o)
    0x080225c0   0x00000008   Code   RO         2281    .text               c_w.l(libspace.o)
    0x080225c8   0x0000004a   Code   RO         2284    .text               c_w.l(sys_stackheap_outer.o)
    0x08022612   0x00000002   PAD
    0x08022614   0x00000008   Code   RO         2291    .text               c_w.l(rt_locale_intlibspace.o)
    0x0802261c   0x0000000c   Code   RO         2296    .text               c_w.l(exit.o)
    0x08022628   0x0000007a   Code   RO         2191    i.__hardfp_sqrt     m_wm.l(sqrt.o)
    0x080226a2   0x0000000e   Code   RO         2108    i._is_digit         c_w.l(__printf_wp.o)
    0x080226b0   0x0000002c   Code   RO         2294    locale$$code        c_w.l(lc_ctype_c.o)
    0x080226dc   0x00000062   Code   RO         2159    x$fpl$d2f           fz_wm.l(d2f.o)
    0x0802273e   0x00000002   PAD
    0x08022740   0x00000150   Code   RO         2161    x$fpl$dadd          fz_wm.l(daddsub_clz.o)
    0x08022890   0x00000018   Code   RO         2232    x$fpl$dcmpinf       fz_wm.l(dcmpi.o)
    0x080228a8   0x000002b0   Code   RO         2168    x$fpl$ddiv          fz_wm.l(ddiv.o)
    0x08022b58   0x0000005a   Code   RO         2171    x$fpl$dfixu         fz_wm.l(dfixu.o)
    0x08022bb2   0x00000026   Code   RO         2175    x$fpl$dfltu         fz_wm.l(dflt_clz.o)
    0x08022bd8   0x00000078   Code   RO         2181    x$fpl$dleqf         fz_wm.l(dleqf.o)
    0x08022c50   0x00000154   Code   RO         2183    x$fpl$dmul          fz_wm.l(dmul.o)
    0x08022da4   0x0000009c   Code   RO         2234    x$fpl$dnaninf       fz_wm.l(dnaninf.o)
    0x08022e40   0x0000000c   Code   RO         2236    x$fpl$dretinf       fz_wm.l(dretinf.o)
    0x08022e4c   0x0000006c   Code   RO         2185    x$fpl$drleqf        fz_wm.l(drleqf.o)
    0x08022eb8   0x00000016   Code   RO         2162    x$fpl$drsb          fz_wm.l(daddsub_clz.o)
    0x08022ece   0x00000002   PAD
    0x08022ed0   0x00000198   Code   RO         2238    x$fpl$dsqrt         fz_wm.l(dsqrt_umaal.o)
    0x08023068   0x000001d4   Code   RO         2163    x$fpl$dsub          fz_wm.l(daddsub_clz.o)
    0x0802323c   0x00000056   Code   RO         2187    x$fpl$f2d           fz_wm.l(f2d.o)
    0x08023292   0x0000008c   Code   RO         2240    x$fpl$fnaninf       fz_wm.l(fnaninf.o)
    0x0802331e   0x0000000a   Code   RO         2370    x$fpl$fpinit        fz_wm.l(fpinit.o)
    0x08023328   0x0000000a   Code   RO         2242    x$fpl$fretinf       fz_wm.l(fretinf.o)
    0x08023332   0x00000000   Code   RO         2244    x$fpl$usenofp       fz_wm.l(usenofp.o)
    0x08023332   0x000017c0   Data   RO          349    .constdata          lcd.o
    0x08024af2   0x0000006e   Data   RO          550    .constdata          i2s.o
    0x08024b60   0x0000000a   Data   RO          647    .constdata          ft5206.o
    0x08024b6a   0x000000c2   Data   RO          671    .constdata          gt9147.o
    0x08024c2c   0x0000000a   Data   RO          695    .constdata          ott2001a.o
    0x08024c36   0x00000002   PAD
    0x08024c38   0x00000004   Data   RO          720    .constdata          touch.o
    0x08024c3c   0x0000001c   Data   RO          868    .constdata          stm32f4xx_fsmc.o
    0x08024c58   0x00000024   Data   RO         1040    .constdata          malloc.o
    0x08024c7c   0x0000003a   Data   RO         1161    .constdata          ff.o
    0x08024cb6   0x00000002   PAD
    0x08024cb8   0x00000070   Data   RO         1185    .constdata          exfuns.o
    0x08024d28   0x000003c0   Data   RO         1239    .constdata          mycc936.o
    0x080250e8   0x00000010   Data   RO         1261    .constdata          fontupd.o
    0x080250f8   0x00000010   Data   RO         1433    .constdata          avi.o
    0x08025108   0x000001c8   Data   RO         1503    .constdata          jaricom.o
    0x080252d0   0x00000140   Data   RO         1558    .constdata          jutils.o
    0x08025410   0x00000104   Data   RO         1559    .constdata          jutils.o
    0x08025514   0x000000d0   Data   RO         1560    .constdata          jutils.o
    0x080255e4   0x000000a4   Data   RO         1561    .constdata          jutils.o
    0x08025688   0x00000080   Data   RO         1562    .constdata          jutils.o
    0x08025708   0x00000064   Data   RO         1563    .constdata          jutils.o
    0x0802576c   0x00000050   Data   RO         1564    .constdata          jutils.o
    0x080257bc   0x00000200   Data   RO         1586    .constdata          jerror.o
    0x080259bc   0x00000010   Data   RO         1617    .constdata          jmemmgr.o
    0x080259cc   0x0000036c   Data   RO         1713    .constdata          jdhuff.o
    0x08025d38   0x000000c0   Data   RO         1763    .constdata          jddctmgr.o
    0x08025df8   0x0000010c   Data   RO         1851    .constdata          jquant1.o
    0x08025f04   0x00000028   Data   RO         1948    .constdata          gif.o
    0x08025f2c   0x000004c0   Data   RO         2002    .constdata          tjpgd.o
    0x080263ec   0x00000008   Data   RO         2069    .constdata          c_w.l(_printf_wctomb.o)
    0x080263f4   0x00000028   Data   RO         2090    .constdata          c_w.l(_printf_hex_int_ptr.o)
    0x0802641c   0x00000011   Data   RO         2116    .constdata          c_w.l(__printf_flags_ss_wp.o)
    0x0802642d   0x00000003   PAD
    0x08026430   0x00000079   Data   RO          721    .conststring        touch.o
    0x080264a9   0x00000003   PAD
    0x080264ac   0x00000028   Data   RO         1068    .conststring        usmart.o
    0x080264d4   0x00000200   Data   RO         1092    .conststring        usmart_config.o
    0x080266d4   0x00000040   Data   RO         1186    .conststring        exfuns.o
    0x08026714   0x0000005f   Data   RO         1262    .conststring        fontupd.o
    0x08026773   0x00000001   PAD
    0x08026774   0x0000001d   Data   RO         1434    .conststring        avi.o
    0x08026791   0x00000003   PAD
    0x08026794   0x0000130d   Data   RO         1587    .conststring        jerror.o
    0x08027aa1   0x00000003   PAD
    0x08027aa4   0x00000020   Data   RO         2427    Region$$Table       anon$$obj.o
    0x08027ac4   0x00000110   Data   RO         2293    locale$$data        c_w.l(lc_ctype_c.o)


    Execution Region RW_IRAM1 (Base: 0x20000000, Size: 0x0001c8f8, Max: 0x00020000, ABSOLUTE, COMPRESSED[0x00000110])

    Base Addr    Size         Type   Attr      Idx    E Section Name        Object

    0x20000000   0x00000014   Data   RW          302    .data               system_stm32f4xx.o
    0x20000014   0x00000004   Data   RW          350    .data               lcd.o
    0x20000018   0x00000001   Data   RW          397    .data               key.o
    0x20000019   0x00000001   PAD
    0x2000001a   0x00000002   Data   RW          442    .data               w25qxx.o
    0x2000001c   0x00000010   Data   RW          470    .data               sdio_sdcard.o
    0x2000002c   0x00000008   Data   RW          551    .data               i2s.o
    0x20000034   0x00000074   Data   RW          577    .data               wm8978.o
    0x200000a8   0x00000004   Data   RW          600    .data               timer.o
    0x200000ac   0x00000001   Data   RW          648    .data               ft5206.o
    0x200000ad   0x00000001   Data   RW          672    .data               gt9147.o
    0x200000ae   0x00000001   Data   RW          696    .data               ott2001a.o
    0x200000af   0x00000001   PAD
    0x200000b0   0x00000038   Data   RW          722    .data               touch.o
    0x200000e8   0x00000004   Data   RW          749    .data               delay.o
    0x200000ec   0x00000002   Data   RW          790    .data               usart.o
    0x200000ee   0x00000002   PAD
    0x200000f0   0x00000004   Data   RW          791    .data               usart.o
    0x200000f4   0x00000010   Data   RW          891    .data               stm32f4xx_rcc.o
    0x20000104   0x00000024   Data   RW         1041    .data               malloc.o
    0x20000128   0x0000001c   Data   RW         1069    .data               usmart.o
    0x20000144   0x00000078   Data   RW         1093    .data               usmart_config.o
    0x200001bc   0x000000f4   Data   RW         1094    .data               usmart_config.o
    0x200002b0   0x00000002   Data   RW         1136    .data               diskio.o
    0x200002b2   0x00000002   Data   RW         1162    .data               ff.o
    0x200002b4   0x0000000c   Data   RW         1187    .data               exfuns.o
    0x200002c0   0x00000004   Data   RW         1188    .data               exfuns.o
    0x200002c4   0x00000004   Data   RW         1189    .data               exfuns.o
    0x200002c8   0x00000008   Data   RW         1377    .data               videoplayer.o
    0x200002d0   0x0000001c   Data   RW         1478    .data               mjpeg.o
    0x200002ec   0x00000001   Data   RW         1949    .data               gif.o
    0x200002ed   0x00000003   PAD
    0x200002f0   0x0000000c   Data   RW         2003    .data               tjpgd.o
    0x200002fc   0x0000000e   Zero   RW          348    .bss                lcd.o
    0x2000030a   0x00001000   Zero   RW          441    .bss                w25qxx.o
    0x2000130a   0x00000006   PAD
    0x20001310   0x000002c0   Zero   RW          469    .bss                sdio_sdcard.o
    0x200015d0   0x000000c8   Zero   RW          789    .bss                usart.o
    0x20001698   0x00000008   PAD
    0x200016a0   0x00019000   Zero   RW         1038    .bss                malloc.o
    0x2001a6a0   0x00001900   Zero   RW         1039    .bss                malloc.o
    0x2001bfa0   0x0000000c   Zero   RW         1160    .bss                ff.o
    0x2001bfac   0x0000000c   Zero   RW         1182    .bss                exfuns.o
    0x2001bfb8   0x00000020   Zero   RW         1183    .bss                exfuns.o
    0x2001bfd8   0x00000024   Zero   RW         1184    .bss                exfuns.o
    0x2001bffc   0x00000021   Zero   RW         1260    .bss                fontupd.o
    0x2001c01d   0x00000003   PAD
    0x2001c020   0x00000010   Zero   RW         1376    .bss                videoplayer.o
    0x2001c030   0x00000028   Zero   RW         1432    .bss                avi.o
    0x2001c058   0x0000003c   Zero   RW         1976    .bss                piclib.o
    0x2001c094   0x00000060   Zero   RW         2282    .bss                c_w.l(libspace.o)
    0x2001c0f4   0x00000004   PAD
    0x2001c0f8   0x00000000   Zero   RW          819    HEAP                startup_stm32f40_41xxx.o
    0x2001c0f8   0x00000800   Zero   RW          818    STACK               startup_stm32f40_41xxx.o



  Load Region LR$$.ARM.__AT_0x10000000 (Base: 0x10000000, Size: 0x00000000, Max: 0x0000f000, ABSOLUTE)

    Execution Region ER$$.ARM.__AT_0x10000000 (Base: 0x10000000, Size: 0x0000f000, Max: 0x0000f000, ABSOLUTE, UNINIT)

    Base Addr    Size         Type   Attr      Idx    E Section Name        Object

    0x10000000   0x0000f000   Zero   RW         1034    .ARM.__AT_0x10000000  malloc.o



  Load Region LR$$.ARM.__AT_0x1000F000 (Base: 0x1000f000, Size: 0x00000000, Max: 0x00000f00, ABSOLUTE)

    Execution Region ER$$.ARM.__AT_0x1000F000 (Base: 0x1000f000, Size: 0x00000f00, Max: 0x00000f00, ABSOLUTE, UNINIT)

    Base Addr    Size         Type   Attr      Idx    E Section Name        Object

    0x1000f000   0x00000f00   Zero   RW         1035    .ARM.__AT_0x1000F000  malloc.o



  Load Region LR$$.ARM.__AT_0x68000000 (Base: 0x68000000, Size: 0x00000000, Max: 0x000f0000, ABSOLUTE)

    Execution Region ER$$.ARM.__AT_0x68000000 (Base: 0x68000000, Size: 0x000f0000, Max: 0x000f0000, ABSOLUTE, UNINIT)

    Base Addr    Size         Type   Attr      Idx    E Section Name        Object

    0x68000000   0x000f0000   Zero   RW         1036    .ARM.__AT_0x68000000  malloc.o



  Load Region LR$$.ARM.__AT_0x680F0000 (Base: 0x680f0000, Size: 0x00000000, Max: 0x0000f000, ABSOLUTE)

    Execution Region ER$$.ARM.__AT_0x680F0000 (Base: 0x680f0000, Size: 0x0000f000, Max: 0x0000f000, ABSOLUTE, UNINIT)

    Base Addr    Size         Type   Attr      Idx    E Section Name        Object

    0x680f0000   0x0000f000   Zero   RW         1037    .ARM.__AT_0x680F0000  malloc.o


==============================================================================

Image component sizes


      Code (inc. data)   RO Data    RW Data    ZI Data      Debug   Object Name

       318          0          0          0          0       2458   24cxx.o
       944        288         45          0         40      16247   avi.o
      1652         20          0          0          0       3950   bmp.o
       580         16          0          0          0       2863   ctiic.o
       184          4          0          4          0       1453   delay.o
       324          8          0          2          0       3830   diskio.o
       296         14        176         20         80       2734   exfuns.o
      2220        720          0          0          0       6140   fattester.o
     10472        136         58          2         12      27736   ff.o
      1210        138        111          0         33       3976   fontupd.o
       676         36         10          1          0       2635   ft5206.o
      2748         18         40          1          0       8820   gif.o
       912         68        194          1          0       3170   gt9147.o
       736         40        110          8          0       3572   i2s.o
         0          0        456          0          0       4630   jaricom.o
       114          0          0          0          0      14800   jcomapi.o
       928         22          0          0          0       3181   jdapimin.o
       692          0          0          0          0       2316   jdapistd.o
      2632         36          0          0          0       5770   jdarith.o
      2372         28          0          0          0       6398   jdcoefct.o
      1796         72          0          0          0       6110   jdcolor.o
      1004        152        192          0          0       3088   jddctmgr.o
      4976         66        876          0          0      12193   jdhuff.o
      2060         46          0          0          0       3593   jdinput.o
      1100         16          0          0          0       3946   jdmainct.o
      6064        122          0          0          0      11817   jdmarker.o
      1448         18          0          0          0       3500   jdmaster.o
      1160         32          0          0          0       3773   jdmerge.o
       596         18          0          0          0       2622   jdpostct.o
       756         28          0          0          0       3562   jdsample.o
       320         30       5389          0          0      13422   jerror.o
       832         20          0          0          0       2050   jidctflt.o
       718          0          0          0          0       2422   jidctfst.o
     21144        376          0          0          0      30938   jidctint.o
      2268         72         16          0          0      22460   jmemmgr.o
        38          0          0          0          0       2595   jmemnobs.o
      1864         40        268          0          0       7844   jquant1.o
      3056         30          0          0          0      10520   jquant2.o
        76          0       1260          0          0      15771   jutils.o
       260         12          0          1          0        984   key.o
     18992        230       6080          4         14      25751   lcd.o
        64          6          0          0          0        603   led.o
       512         64          0          0          0     326438   main.o
       452         10         36         36    1218560       4503   malloc.o
       176         12          0          0          0       1889   misc.o
       584         80          0         28          0       3319   mjpeg.o
       148         14        960          0          0       1589   mycc936.o
       548          8          0          0          0       1976   myiic.o
       740         60         10          1          0       2861   ott2001a.o
       528         28          0          0         60       4375   piclib.o
      6028        120          0         16        704      23695   sdio_sdcard.o
       268         10          0          0          0       1085   spi.o
        60         22        392          0       2048        876   startup_stm32f40_41xxx.o
       800         32          0          0          0       6121   stm32f4xx_dma.o
      1096         10         28          0          0       5498   stm32f4xx_fsmc.o
       524         44          0          0          0       3865   stm32f4xx_gpio.o
        18          0          0          0          0       1274   stm32f4xx_it.o
      1152         48          0         16          0      11716   stm32f4xx_rcc.o
       440         14          0          0          0       7080   stm32f4xx_sdio.o
       812         36          0          0          0       6129   stm32f4xx_spi.o
      2524         52          0          0          0      18370   stm32f4xx_tim.o
       856         32          0          0          0       6852   stm32f4xx_usart.o
        16          0          0          0          0        532   sys.o
       380         36          0         20          0       2003   system_stm32f4xx.o
       564         18          0          0          0       2496   text.o
       276         26          0          4          0       1602   timer.o
      3560         50       1216         12          0      13629   tjpgd.o
      3008        206        125         56          0       6893   touch.o
       284         16          0          6        200       3426   usart.o
      2836       1292         40         28          0       4532   usmart.o
         0          0        512        364          0       1700   usmart_config.o
      1056         12          0          0          0       4831   usmart_str.o
      2912        384          0          8         16       7458   videoplayer.o
       864         28          0          2       4096       4419   w25qxx.o
       872         12          0        116          0       5339   wm8978.o

    ----------------------------------------------------------------------
    135508       5754      18646        764    1225880     814614   Object Totals
         0          0         32          0          0          0   (incl. Generated)
        12          0         14          7         17          0   (incl. Padding)

    ----------------------------------------------------------------------

      Code (inc. data)   RO Data    RW Data    ZI Data      Debug   Library Member Name

        60          8          0          0          0         84   __0sscanf.o
        90          0          0          0          0          0   __dczerorl2.o
         8          0          0          0          0         68   __main.o
       392          4         17          0          0         92   __printf_flags_ss_wp.o
        14          0          0          0          0         68   __printf_wp.o
         0          0          0          0          0          0   __rtentry.o
        12          0          0          0          0          0   __rtentry2.o
         6          0          0          0          0          0   __rtentry4.o
        52          8          0          0          0          0   __scatter.o
        28          0          0          0          0          0   __scatter_zi.o
        28          0          0          0          0         68   _chval.o
         6          0          0          0          0          0   _printf_c.o
        44          0          0          0          0        108   _printf_char.o
        48          6          0          0          0         96   _printf_char_common.o
        36          4          0          0          0         80   _printf_char_file.o
        40          0          0          0          0         68   _printf_charcount.o
         6          0          0          0          0          0   _printf_d.o
       120         16          0          0          0         92   _printf_dec.o
       124          4         40          0          0        144   _printf_hex_int_ptr.o
         6          0          0          0          0          0   _printf_i.o
       178          0          0          0          0         88   _printf_intcommon.o
        10          0          0          0          0          0   _printf_l.o
         6          0          0          0          0          0   _printf_lc.o
         6          0          0          0          0          0   _printf_n.o
         6          0          0          0          0          0   _printf_o.o
        84         10          0          0          0         88   _printf_oct_int.o
         6          0          0          0          0          0   _printf_p.o
        78          0          0          0          0        108   _printf_pad.o
         0          0          0          0          0          0   _printf_percent.o
         4          0          0          0          0          0   _printf_percent_end.o
         6          0          0          0          0          0   _printf_s.o
        82          0          0          0          0         80   _printf_str.o
        36          0          0          0          0         84   _printf_truncate.o
         6          0          0          0          0          0   _printf_u.o
        44          0          0          0          0        108   _printf_wchar.o
       188          6          8          0          0         92   _printf_wctomb.o
         6          0          0          0          0          0   _printf_x.o
        22          0          0          0          0        100   _rserrno.o
       884          6          0          0          0        100   _scanf.o
       332          0          0          0          0         96   _scanf_int.o
       224          0          0          0          0         96   _scanf_str.o
        64          0          0          0          0         84   _sgetc.o
        10          0          0          0          0         68   _sputc.o
        64          0          0          0          0         92   _wcrtomb.o
        12          0          0          0          0         72   exit.o
         8          0          0          0          0         68   ferror.o
         6          0          0          0          0        152   heapauxi.o
        18          0          0          0          0         76   isspace.o
        44         10        272          0          0         76   lc_ctype_c.o
         2          0          0          0          0          0   libinit.o
        24          0          0          0          0          0   libinit2.o
         2          0          0          0          0          0   libshutdown.o
         2          0          0          0          0          0   libshutdown2.o
         8          4          0          0         96         68   libspace.o
        72          0          0          0          0         76   llsdiv.o
       238          0          0          0          0        100   lludivv7m.o
        24          4          0          0          0         84   noretval__2printf.o
        40          6          0          0          0         84   noretval__2sprintf.o
        16          4          0          0          0         76   rt_ctype_table.o
         8          4          0          0          0         68   rt_errno_addr_intlibspace.o
         8          4          0          0          0         68   rt_locale_intlibspace.o
        68          0          0          0          0         68   rt_memclr.o
        78          0          0          0          0         80   rt_memclr_w.o
       138          0          0          0          0         68   rt_memcpy_v6.o
       100          0          0          0          0         80   rt_memcpy_w.o
         2          0          0          0          0          0   rtexit.o
        10          0          0          0          0          0   rtexit2.o
        44          8          0          0          0         84   scanf_char.o
        24          0          0          0          0         68   strcat.o
       128          0          0          0          0         68   strcmpv7m.o
        72          0          0          0          0         80   strcpy.o
        62          0          0          0          0         76   strlen.o
        86          0          0          0          0         76   strncpy.o
        74          0          0          0          0         80   sys_stackheap_outer.o
         2          0          0          0          0         68   use_no_semi.o
         2          0          0          0          0         68   use_no_semi_2.o
        98          4          0          0          0        140   d2f.o
       826         16          0          0          0        492   daddsub_clz.o
        24          0          0          0          0        116   dcmpi.o
       688        140          0          0          0        256   ddiv.o
        90          4          0          0          0        140   dfixu.o
        38          0          0          0          0        116   dflt_clz.o
       120          4          0          0          0        140   dleqf.o
       340         12          0          0          0        152   dmul.o
       156          4          0          0          0        140   dnaninf.o
        12          0          0          0          0        116   dretinf.o
       108          0          0          0          0        128   drleqf.o
       408         56          0          0          0        168   dsqrt_umaal.o
        86          4          0          0          0        132   f2d.o
       140          4          0          0          0        132   fnaninf.o
        10          0          0          0          0        116   fpinit.o
        10          0          0          0          0        116   fretinf.o
        98          0          0          0          0        144   setjmp.o
         0          0          0          0          0          0   usenofp.o
       122          0          0          0          0        148   sqrt.o

    ----------------------------------------------------------------------
      8278        364        340          0        100       7176   Library Totals
        16          0          3          0          4          0   (incl. Padding)

    ----------------------------------------------------------------------

      Code (inc. data)   RO Data    RW Data    ZI Data      Debug   Library Name

      4888        116        337          0         96       4284   c_w.l
      3252        248          0          0          0       2744   fz_wm.l
       122          0          0          0          0        148   m_wm.l

    ----------------------------------------------------------------------
      8278        364        340          0        100       7176   Library Totals

    ----------------------------------------------------------------------

==============================================================================


      Code (inc. data)   RO Data    RW Data    ZI Data      Debug   

    143786       6118      18986        764    1225980     804046   Grand Totals
    143786       6118      18986        272    1225980     804046   ELF Image Totals (compressed)
    143786       6118      18986        272          0          0   ROM Totals

==============================================================================

    Total RO  Size (Code + RO Data)               162772 ( 158.96kB)
    Total RW  Size (RW Data + ZI Data)           1226744 (1197.99kB)
    Total ROM Size (Code + RO Data + RW Data)     163044 ( 159.22kB)

==============================================================================

